dataset=sift1b
AE_SCALE=1b
CUDA_VISIBLE_DEVICES=3
SPDK_BASE_LBA=83886080
QUIVER_SPDK_BLOCK_OFFSET=0
ssd_list=/mnt/nvme12/wpq-ae/home/quiver-ae/ae/.cache/ssd_list_4.txt
PCI_1SSD=0000:ac:00.0
BIN_DIR=/mnt/nvme12/wpq-ae/home/quiver-ae/build-ae
cmd: /mnt/nvme12/wpq-ae/home/quiver-ae/build-ae/bin/flashanns_search --index-dir /mnt/nvme12/wpq-ae/index/sift1b-R128-QD32/ --query /mnt/nvme12/wpq-ae/dataset/sift1b/query.u8bin --ground-truth /mnt/nvme12/wpq-ae/dataset/sift1b/gt.ibin --data-type uint8 --topk 10 --ef-search 45 --repeat 20 --pipe-width 2 --poll-threads 6 --ssd-list-file /mnt/nvme12/wpq-ae/home/quiver-ae/ae/.cache/ssd_list_4.txt --num-blocks-list 432
EAL: '-c <coremask>' option is deprecated, and will be removed in a future release
EAL: 	Use '-l <corelist>' or '--lcores=<corelist>' option instead
TID: 1568484 9
TID: 1568483 7
TID: 1568482 5
TID: 1568481 3
========== FlashANNS Result ==========
Query Params:
  topk=10 ef_search=45 repeat=20 data_type=uint8
Runtime Params:
  batch=432 pipe_width=2 poll_threads=6 spdk_task_contexts=1024 poll_submit_batch_size=256

Performance:
  QPS: 57507.78
  BatchLatency(ms): avg=7.476 p50=7.416 p90=7.948 p99=8.162 p99.9=10.769 max=10.769
  SSD Avg Bandwidth: 10.62 GB/s
  SSD Avg IOPS: 2,785,060
  SSD Hot Avg Bandwidth: 10.98 GB/s
  SSD Hot Avg IOPS: 2,877,454
===================================

========== Light Breakdown Samples: FlashANNS ==========
  Metric                      count       avg_us       p50_us       p90_us       p99_us       max_us
  ---------------------- ---------- ------------ ------------ ------------ ------------ ------------
  Compute                        20      1623.51      1595.46      1739.36      2374.60      2374.60
  IO wait                        20      5411.81      5303.60      5801.68      7373.65      7373.65
  Resume                         20       484.28       467.49       515.21       683.04       683.04
  Scheduling gap                 20         0.00         0.00         0.00         0.00         0.00
  Other                          20         0.00         0.00         0.00         0.00         0.00
  kernel launch                  20        15.63         3.10         5.01       254.87       254.87
  H2D                            20        18.89        17.88        18.12        41.01        41.01
  D2H                            20        26.57        25.99        28.13        41.96        41.96
  Breakdown total                20      7580.69      7413.52      8107.51     10769.13     10769.13
  CTA window                     20      1000.00      1000.00      1000.00      1000.00      1000.00
  CTA active                     20       486.66       491.07       566.85       575.04       575.04
  CTA pure IO wait               20       513.34       516.10       565.25       585.73       585.73
  CTA active %                   20        48.67        49.11        56.68        57.50        57.50
=============================================

Recall @ 10: 0.908300
