dataset=sift1b
AE_SCALE=1b
CUDA_VISIBLE_DEVICES=3
SPDK_BASE_LBA=83886080
QUIVER_SPDK_BLOCK_OFFSET=0
ssd_list=/mnt/nvme12/wpq-ae/home/quiver-ae/ae/.cache/ssd_list_4.txt
PCI_1SSD=0000:ac:00.0
BIN_DIR=/mnt/nvme12/wpq-ae/home/quiver-ae/build-ae
cmd: /mnt/nvme12/wpq-ae/home/quiver-ae/build-ae/bin/flashanns_search --index-dir /mnt/nvme12/wpq-ae/index/sift1b-R128-QD32/ --query /mnt/nvme12/wpq-ae/dataset/sift1b/query.u8bin --ground-truth /mnt/nvme12/wpq-ae/dataset/sift1b/gt.ibin --data-type uint8 --topk 10 --ef-search 55 --repeat 20 --pipe-width 2 --poll-threads 6 --ssd-list-file /mnt/nvme12/wpq-ae/home/quiver-ae/ae/.cache/ssd_list_4.txt --num-blocks-list 432
EAL: '-c <coremask>' option is deprecated, and will be removed in a future release
EAL: 	Use '-l <corelist>' or '--lcores=<corelist>' option instead
TID: 1570073 9
TID: 1570072 7
TID: 1570071 5
TID: 1570070 3
========== FlashANNS Result ==========
Query Params:
  topk=10 ef_search=55 repeat=20 data_type=uint8
Runtime Params:
  batch=432 pipe_width=2 poll_threads=6 spdk_task_contexts=1024 poll_submit_batch_size=256

Performance:
  QPS: 51592.61
  BatchLatency(ms): avg=8.339 p50=8.256 p90=8.719 p99=8.947 p99.9=24.004 max=24.004
  SSD Avg Bandwidth: 11.43 GB/s
  SSD Avg IOPS: 2,997,590
  SSD Hot Avg Bandwidth: 11.71 GB/s
  SSD Hot Avg IOPS: 3,069,612
===================================

========== Light Breakdown Samples: FlashANNS ==========
  Metric                      count       avg_us       p50_us       p90_us       p99_us       max_us
  ---------------------- ---------- ------------ ------------ ------------ ------------ ------------
  Compute                        20      1851.66      1855.40      1979.79      1999.00      1999.00
  IO wait                        20      6578.58      5800.26      6101.09     21488.32     21488.32
  Resume                         20       526.09       524.29       560.71       568.41       568.41
  Scheduling gap                 20         0.00         0.00         0.00         0.00         0.00
  Other                          20         0.00         0.00         0.00         0.00         0.00
  kernel launch                  20        13.17         3.10         4.05       205.99       205.99
  H2D                            20        18.81        17.88        18.12        40.05        40.05
  D2H                            20        26.75        25.99        30.99        41.96        41.96
  Breakdown total                20      9015.07      8226.93      8694.76     24343.74     24343.74
  CTA window                     20      1000.00      1000.00      1000.00      1000.00      1000.00
  CTA active                     20       483.80       488.45       582.66       585.73       585.73
  CTA pure IO wait               20       516.20       514.62       593.92       844.35       844.35
  CTA active %                   20        48.38        48.84        58.27        58.57        58.57
=============================================

Recall @ 10: 0.930880
