dataset=sift1b
AE_SCALE=1b
CUDA_VISIBLE_DEVICES=3
SPDK_BASE_LBA=83886080
QUIVER_SPDK_BLOCK_OFFSET=0
ssd_list=/mnt/nvme12/wpq-ae/home/quiver-ae/ae/.cache/ssd_list_4.txt
PCI_1SSD=0000:ac:00.0
BIN_DIR=/mnt/nvme12/wpq-ae/home/quiver-ae/build-ae
cmd: /mnt/nvme12/wpq-ae/home/quiver-ae/build-ae/bin/strawmen_pq_in_smem --index-dir /mnt/nvme12/wpq-ae/index/sift1b-R128-QD32/ --query /mnt/nvme12/wpq-ae/dataset/sift1b/query.u8bin --ground-truth /mnt/nvme12/wpq-ae/dataset/sift1b/gt.ibin --data-type uint8 --topk 10 --ef-search 45 --repeat 20 --pipe-width 2 --queries-per-block 2 --poll-threads 6 --ssd-list-file /mnt/nvme12/wpq-ae/home/quiver-ae/ae/.cache/ssd_list_4.txt --num-blocks-list 216
EAL: '-c <coremask>' option is deprecated, and will be removed in a future release
EAL: 	Use '-l <corelist>' or '--lcores=<corelist>' option instead
========== Strawman PQ-in-shared-memory (PQ LUT in shared memory) Result ==========
Query Params:
  topk=10 ef_search=45 repeat=20 data_type=uint8
Runtime Params:
  num_blocks=216 pipe_width=2 poll_threads=6 poll_submit_batch_size=256 prefeed=0 queries_per_block=2

Performance:
  QPS: 73500.88
  QueryLatency(ms): avg=5.862 p50=5.840 p90=5.935 p99=6.080 p99.9=13.532 max=18.587
  SSD Avg Bandwidth: 13.58 GB/s
  SSD Avg IOPS: 3,558,853
  SSD Hot Avg Bandwidth: 13.72 GB/s
  SSD Hot Avg IOPS: 3,595,472
===================================

========== Light Breakdown Samples: plusk_pq_in_smem ==========
  Metric                      count       avg_us       p50_us       p90_us       p99_us       max_us
  ---------------------- ---------- ------------ ------------ ------------ ------------ ------------
  Compute                       200      1537.67      1524.47      1668.41      1824.00      2482.46
  IO wait                       200      4587.48      4450.54      4824.69      5395.28     29552.30
  Resume                        200        32.63        31.16        43.35        73.17        79.41
  Scheduling gap                  0         0.00         0.00         0.00         0.00         0.00
  Other                           0         0.00         0.00         0.00         0.00         0.00
  kernel launch                   0         0.00         0.00         0.00         0.00         0.00
  H2D                             0         0.00         0.00         0.00         0.00         0.00
  D2H                             0         0.00         0.00         0.00         0.00         0.00
  Breakdown total               200      6157.77      6006.17      6536.44      7292.45     32114.16
  CTA window                      0         0.00         0.00         0.00         0.00         0.00
  CTA active                      0         0.00         0.00         0.00         0.00         0.00
  CTA pure IO wait                0         0.00         0.00         0.00         0.00         0.00
  CTA active %                    0         0.00         0.00         0.00         0.00         0.00
=============================================

Recall @ 10: 0.908250
