dataset=sift1b
AE_SCALE=1b
CUDA_VISIBLE_DEVICES=3
SPDK_BASE_LBA=83886080
QUIVER_SPDK_BLOCK_OFFSET=0
ssd_list=/mnt/nvme12/wpq-ae/home/quiver-ae/ae/.cache/ssd_list_4.txt
PCI_1SSD=0000:ac:00.0
BIN_DIR=/mnt/nvme12/wpq-ae/home/quiver-ae/build-ae
cmd: /mnt/nvme12/wpq-ae/home/quiver-ae/build-ae/bin/strawmen_pq_in_smem --index-dir /mnt/nvme12/wpq-ae/index/sift1b-R128-QD32/ --query /mnt/nvme12/wpq-ae/dataset/sift1b/query.u8bin --ground-truth /mnt/nvme12/wpq-ae/dataset/sift1b/gt.ibin --data-type uint8 --topk 10 --ef-search 55 --repeat 20 --pipe-width 2 --queries-per-block 2 --poll-threads 6 --ssd-list-file /mnt/nvme12/wpq-ae/home/quiver-ae/ae/.cache/ssd_list_4.txt --num-blocks-list 216
EAL: '-c <coremask>' option is deprecated, and will be removed in a future release
EAL: 	Use '-l <corelist>' or '--lcores=<corelist>' option instead
========== Strawman PQ-in-shared-memory (PQ LUT in shared memory) Result ==========
Query Params:
  topk=10 ef_search=55 repeat=20 data_type=uint8
Runtime Params:
  num_blocks=216 pipe_width=2 poll_threads=6 poll_submit_batch_size=256 prefeed=0 queries_per_block=2

Performance:
  QPS: 63679.89
  QueryLatency(ms): avg=6.770 p50=6.751 p90=6.852 p99=6.966 p99.9=16.097 max=18.500
  SSD Avg Bandwidth: 14.11 GB/s
  SSD Avg IOPS: 3,699,412
  SSD Hot Avg Bandwidth: 14.22 GB/s
  SSD Hot Avg IOPS: 3,726,660
===================================

========== Light Breakdown Samples: plusk_pq_in_smem ==========
  Metric                      count       avg_us       p50_us       p90_us       p99_us       max_us
  ---------------------- ---------- ------------ ------------ ------------ ------------ ------------
  Compute                       200      1877.03      1862.46      2001.82      2177.13      3122.88
  IO wait                       200      5140.91      5035.66      5450.33      5942.74     19511.50
  Resume                        200        38.98        38.63        51.18        72.72        73.93
  Scheduling gap                  0         0.00         0.00         0.00         0.00         0.00
  Other                           0         0.00         0.00         0.00         0.00         0.00
  kernel launch                   0         0.00         0.00         0.00         0.00         0.00
  H2D                             0         0.00         0.00         0.00         0.00         0.00
  D2H                             0         0.00         0.00         0.00         0.00         0.00
  Breakdown total               200      7056.92      6936.75      7503.33      8192.59     22708.30
  CTA window                      0         0.00         0.00         0.00         0.00         0.00
  CTA active                      0         0.00         0.00         0.00         0.00         0.00
  CTA pure IO wait                0         0.00         0.00         0.00         0.00         0.00
  CTA active %                    0         0.00         0.00         0.00         0.00         0.00
=============================================

Recall @ 10: 0.930960
