dataset=sift1b
AE_SCALE=1b
CUDA_VISIBLE_DEVICES=3
SPDK_BASE_LBA=83886080
QUIVER_SPDK_BLOCK_OFFSET=0
ssd_list=/mnt/nvme12/wpq-ae/home/quiver-ae/ae/.cache/ssd_list_4.txt
PCI_1SSD=0000:ac:00.0
BIN_DIR=/mnt/nvme12/wpq-ae/home/quiver-ae/build-ae
cmd: /mnt/nvme12/wpq-ae/home/quiver-ae/build-ae/bin/strawmen_pq_in_smem --index-dir /mnt/nvme12/wpq-ae/index/sift1b-R128-QD32/ --query /mnt/nvme12/wpq-ae/dataset/sift1b/query.u8bin --ground-truth /mnt/nvme12/wpq-ae/dataset/sift1b/gt.ibin --data-type uint8 --topk 10 --ef-search 80 --repeat 20 --pipe-width 2 --queries-per-block 2 --poll-threads 6 --ssd-list-file /mnt/nvme12/wpq-ae/home/quiver-ae/ae/.cache/ssd_list_4.txt --num-blocks-list 108
EAL: '-c <coremask>' option is deprecated, and will be removed in a future release
EAL: 	Use '-l <corelist>' or '--lcores=<corelist>' option instead
========== Strawman PQ-in-shared-memory (PQ LUT in shared memory) Result ==========
Query Params:
  topk=10 ef_search=80 repeat=20 data_type=uint8
Runtime Params:
  num_blocks=108 pipe_width=2 poll_threads=6 poll_submit_batch_size=256 prefeed=0 queries_per_block=2

Performance:
  QPS: 30781.90
  QueryLatency(ms): avg=7.009 p50=6.999 p90=7.123 p99=7.235 p99.9=12.142 max=19.411
  SSD Avg Bandwidth: 9.70 GB/s
  SSD Avg IOPS: 2,542,271
  SSD Hot Avg Bandwidth: 9.75 GB/s
  SSD Hot Avg IOPS: 2,555,437
===================================

========== Light Breakdown Samples: plusk_pq_in_smem ==========
  Metric                      count       avg_us       p50_us       p90_us       p99_us       max_us
  ---------------------- ---------- ------------ ------------ ------------ ------------ ------------
  Compute                       200      1933.35      1922.93      2024.29      2209.55      2307.65
  IO wait                       200      5337.91      5299.57      5795.50      6154.09     12187.89
  Resume                        200        24.88        24.49        30.00        36.10        37.11
  Scheduling gap                  0         0.00         0.00         0.00         0.00         0.00
  Other                           0         0.00         0.00         0.00         0.00         0.00
  kernel launch                   0         0.00         0.00         0.00         0.00         0.00
  H2D                             0         0.00         0.00         0.00         0.00         0.00
  D2H                             0         0.00         0.00         0.00         0.00         0.00
  Breakdown total               200      7296.14      7246.99      7849.79      8399.74     14532.65
  CTA window                      0         0.00         0.00         0.00         0.00         0.00
  CTA active                      0         0.00         0.00         0.00         0.00         0.00
  CTA pure IO wait                0         0.00         0.00         0.00         0.00         0.00
  CTA active %                    0         0.00         0.00         0.00         0.00         0.00
=============================================

Recall @ 10: 0.961100
