dataset=sift1b
AE_SCALE=1b
CUDA_VISIBLE_DEVICES=3
SPDK_BASE_LBA=83886080
QUIVER_SPDK_BLOCK_OFFSET=0
ssd_list=/mnt/nvme12/wpq-ae/home/quiver-ae/ae/.cache/ssd_list_4.txt
PCI_1SSD=0000:ac:00.0
BIN_DIR=/mnt/nvme12/wpq-ae/home/quiver-ae/build-ae
cmd: /mnt/nvme12/wpq-ae/home/quiver-ae/build-ae/bin/strawmen_pq_in_smem --index-dir /mnt/nvme12/wpq-ae/index/sift1b-R128-QD32/ --query /mnt/nvme12/wpq-ae/dataset/sift1b/query.u8bin --ground-truth /mnt/nvme12/wpq-ae/dataset/sift1b/gt.ibin --data-type uint8 --topk 10 --ef-search 40 --repeat 20 --pipe-width 2 --queries-per-block 2 --poll-threads 6 --ssd-list-file /mnt/nvme12/wpq-ae/home/quiver-ae/ae/.cache/ssd_list_4.txt --num-blocks-list 324
EAL: '-c <coremask>' option is deprecated, and will be removed in a future release
EAL: 	Use '-l <corelist>' or '--lcores=<corelist>' option instead
========== Strawman PQ-in-shared-memory (PQ LUT in shared memory) Result ==========
Query Params:
  topk=10 ef_search=40 repeat=20 data_type=uint8
Runtime Params:
  num_blocks=324 pipe_width=2 poll_threads=6 poll_submit_batch_size=256 prefeed=0 queries_per_block=2

Performance:
  QPS: 85933.84
  QueryLatency(ms): avg=7.516 p50=7.465 p90=7.614 p99=8.377 p99.9=21.531 max=28.017
  SSD Avg Bandwidth: 14.30 GB/s
  SSD Avg IOPS: 3,749,110
  SSD Hot Avg Bandwidth: 14.49 GB/s
  SSD Hot Avg IOPS: 3,797,159
===================================

========== Light Breakdown Samples: plusk_pq_in_smem ==========
  Metric                      count       avg_us       p50_us       p90_us       p99_us       max_us
  ---------------------- ---------- ------------ ------------ ------------ ------------ ------------
  Compute                       200      1291.25      1263.67      1399.56      2009.51      2352.95
  IO wait                       200      3939.40      3772.53      4179.10      6244.57     29226.07
  Resume                        200        30.39        30.25        38.33        50.56        57.46
  Scheduling gap                  0         0.00         0.00         0.00         0.00         0.00
  Other                           0         0.00         0.00         0.00         0.00         0.00
  kernel launch                   0         0.00         0.00         0.00         0.00         0.00
  H2D                             0         0.00         0.00         0.00         0.00         0.00
  D2H                             0         0.00         0.00         0.00         0.00         0.00
  Breakdown total               200      5261.03      5066.45      5616.98      8304.64     31636.48
  CTA window                      0         0.00         0.00         0.00         0.00         0.00
  CTA active                      0         0.00         0.00         0.00         0.00         0.00
  CTA pure IO wait                0         0.00         0.00         0.00         0.00         0.00
  CTA active %                    0         0.00         0.00         0.00         0.00         0.00
=============================================

Recall @ 10: 0.892610
