dataset=sift1b
AE_SCALE=1b
CUDA_VISIBLE_DEVICES=3
SPDK_BASE_LBA=83886080
QUIVER_SPDK_BLOCK_OFFSET=0
ssd_list=/mnt/nvme12/wpq-ae/home/quiver-ae/ae/.cache/ssd_list_4.txt
PCI_1SSD=0000:ac:00.0
BIN_DIR=/mnt/nvme12/wpq-ae/home/quiver-ae/build-ae
cmd: /mnt/nvme12/wpq-ae/home/quiver-ae/build-ae/bin/quiver_search --index-dir /mnt/nvme12/wpq-ae/index/sift1b-R128-QD32/ --query /mnt/nvme12/wpq-ae/dataset/sift1b/query.u8bin --ground-truth /mnt/nvme12/wpq-ae/dataset/sift1b/gt.ibin --data-type uint8 --topk 10 --ef-search 55 --repeat 20 --pipe-width 2 --queries-per-block 2 --poll-threads 6 --early-exit-policy none --ssd-list-file /mnt/nvme12/wpq-ae/home/quiver-ae/ae/.cache/ssd_list_4.txt --num-blocks-list 324
[Quiver] runners_per_ssd=1
[Quiver] early-exit policy=none
EAL: '-c <coremask>' option is deprecated, and will be removed in a future release
EAL: 	Use '-l <corelist>' or '--lcores=<corelist>' option instead
========== Quiver Result ==========
Query Params:
  topk=10 ef_search=55 repeat=20 data_type=uint8
Runtime Params:
  num_blocks=324 pipe_width=2 queries_per_block=2 task_slots=648 io_slots=1296 max_inflight=648 poll_threads=6 poll_submit_batch_size=256 prefeed=0 spdk_backpressure=0 spdk_nvme_errors=0

Performance:
  QPS: 71077.35
  QueryLatency(ms): avg=9.090 p50=9.027 p90=9.207 p99=9.817 p99.9=20.146 max=21.572
  SSD Avg Bandwidth: 15.75 GB/s
  SSD Avg IOPS: 4,129,432
  SSD Hot Avg Bandwidth: 16.08 GB/s
  SSD Hot Avg IOPS: 4,215,165
===================================
[Quiver] BatchLatency(ms): count=135712 avg=9.070 p90=9.203 p99=9.417 max=21.572

========== Light Breakdown Samples: Quiver ==========
  Metric                      count       avg_us       p50_us       p90_us       p99_us       max_us
  ---------------------- ---------- ------------ ------------ ------------ ------------ ------------
  Compute                       200      1867.97      1846.72      2027.82      2718.85      3890.49
  IO wait                       200      7378.47      7279.52      7946.14     10493.60     13695.45
  Resume                        200        74.55        72.43        91.62       123.75       167.15
  Scheduling gap                  0         0.00         0.00         0.00         0.00         0.00
  Other                           0         0.00         0.00         0.00         0.00         0.00
  kernel launch                   0         0.00         0.00         0.00         0.00         0.00
  H2D                             0         0.00         0.00         0.00         0.00         0.00
  D2H                             0         0.00         0.00         0.00         0.00         0.00
  Breakdown total               200      9320.99      9198.67     10065.58     13336.21     17753.09
  CTA window                      0         0.00         0.00         0.00         0.00         0.00
  CTA active                      0         0.00         0.00         0.00         0.00         0.00
  CTA pure IO wait                0         0.00         0.00         0.00         0.00         0.00
  CTA active %                  200        89.18        89.15       100.00       100.00       100.00
=============================================

[Quiver] Finish summary: policy=none avg_finish_step=58.10 finished=200000/200000
Recall @ 10: 0.930980
