dataset=sift1b
AE_SCALE=1b
CUDA_VISIBLE_DEVICES=3
SPDK_BASE_LBA=83886080
QUIVER_SPDK_BLOCK_OFFSET=0
ssd_list=/mnt/nvme12/wpq-ae/home/quiver-ae/ae/.cache/ssd_list_4.txt
PCI_1SSD=0000:ac:00.0
BIN_DIR=/mnt/nvme12/wpq-ae/home/quiver-ae/build-ae
cmd: /mnt/nvme12/wpq-ae/home/quiver-ae/build-ae/bin/quiver_search --index-dir /mnt/nvme12/wpq-ae/index/sift1b-R128-QD32/ --query /mnt/nvme12/wpq-ae/dataset/sift1b/query.u8bin --ground-truth /mnt/nvme12/wpq-ae/dataset/sift1b/gt.ibin --data-type uint8 --topk 10 --ef-search 40 --repeat 20 --pipe-width 2 --queries-per-block 2 --poll-threads 6 --early-exit-policy none --ssd-list-file /mnt/nvme12/wpq-ae/home/quiver-ae/ae/.cache/ssd_list_4.txt --num-blocks-list 324
[Quiver] runners_per_ssd=1
[Quiver] early-exit policy=none
EAL: '-c <coremask>' option is deprecated, and will be removed in a future release
EAL: 	Use '-l <corelist>' or '--lcores=<corelist>' option instead
========== Quiver Result ==========
Query Params:
  topk=10 ef_search=40 repeat=20 data_type=uint8
Runtime Params:
  num_blocks=324 pipe_width=2 queries_per_block=2 task_slots=648 io_slots=1296 max_inflight=648 poll_threads=6 poll_submit_batch_size=256 prefeed=0 spdk_backpressure=0 spdk_nvme_errors=0

Performance:
  QPS: 89827.77
  QueryLatency(ms): avg=7.187 p50=7.144 p90=7.254 p99=7.737 p99.9=18.892 max=22.985
  SSD Avg Bandwidth: 14.95 GB/s
  SSD Avg IOPS: 3,918,691
  SSD Hot Avg Bandwidth: 15.13 GB/s
  SSD Hot Avg IOPS: 3,965,138
===================================
[Quiver] BatchLatency(ms): count=116153 avg=7.152 p90=7.254 p99=7.570 max=22.985

========== Light Breakdown Samples: Quiver ==========
  Metric                      count       avg_us       p50_us       p90_us       p99_us       max_us
  ---------------------- ---------- ------------ ------------ ------------ ------------ ------------
  Compute                       200      1538.55      1517.54      1820.88      2471.11      2689.36
  IO wait                       200      5705.88      5623.97      6301.72      7554.54     10024.56
  Resume                        200        58.27        56.33        77.84       115.67       131.29
  Scheduling gap                  0         0.00         0.00         0.00         0.00         0.00
  Other                           0         0.00         0.00         0.00         0.00         0.00
  kernel launch                   0         0.00         0.00         0.00         0.00         0.00
  H2D                             0         0.00         0.00         0.00         0.00         0.00
  D2H                             0         0.00         0.00         0.00         0.00         0.00
  Breakdown total               200      7302.70      7197.85      8200.45     10141.32     12845.21
  CTA window                      0         0.00         0.00         0.00         0.00         0.00
  CTA active                      0         0.00         0.00         0.00         0.00         0.00
  CTA pure IO wait                0         0.00         0.00         0.00         0.00         0.00
  CTA active %                  200        91.60        90.58       100.00       100.00       100.00
=============================================

[Quiver] Finish summary: policy=none avg_finish_step=43.62 finished=200000/200000
Recall @ 10: 0.892400
