dataset=sift1b
AE_SCALE=1b
CUDA_VISIBLE_DEVICES=3
SPDK_BASE_LBA=83886080
QUIVER_SPDK_BLOCK_OFFSET=0
ssd_list=/mnt/nvme12/wpq-ae/home/quiver-ae/ae/.cache/ssd_list_4.txt
PCI_1SSD=0000:ac:00.0
BIN_DIR=/mnt/nvme12/wpq-ae/home/quiver-ae/build-ae
cmd: /mnt/nvme12/wpq-ae/home/quiver-ae/build-ae/bin/gustann_search --index-dir /mnt/nvme12/wpq-ae/index/sift1b-R128-QD32/ --query /mnt/nvme12/wpq-ae/dataset/sift1b/query.u8bin --ground-truth /mnt/nvme12/wpq-ae/dataset/sift1b/gt.ibin --data-type uint8 --topk 10 --ef-search 45 --repeat 20 --pipe-width 1 --worker-threads 2 --runner-contexts 20 --ssd-list-file /mnt/nvme12/wpq-ae/home/quiver-ae/ae/.cache/ssd_list_4.txt --mini-batch 1120
EAL: '-c <coremask>' option is deprecated, and will be removed in a future release
EAL: 	Use '-l <corelist>' or '--lcores=<corelist>' option instead
TID: 1497840 9
TID: 1497839 7
TID: 1497838 5
TID: 1497837 3
========== GustANN Result ==========
Query Params:
  topk=10 ef_search=45 repeat=20 data_type=uint8
Runtime Params:
  mini_batch=1120 pipe_width=1 worker_threads=2 runner_contexts=20 parallelism=40

Performance:
  QPS: 120935.28
  BatchLatency(ms): avg=335.449 p50=353.012 p90=378.325 p99=389.710 p99.9=397.093 max=397.093
  SSD Avg Bandwidth: 21.83 GB/s
  SSD Avg IOPS: 5,723,818
  SSD Hot Avg Bandwidth: 24.29 GB/s
  SSD Hot Avg IOPS: 6,367,004
===================================

========== Light Breakdown Samples: GustANN ==========
  Metric                      count       avg_us       p50_us       p90_us       p99_us       max_us
  ---------------------- ---------- ------------ ------------ ------------ ------------ ------------
  Compute                        20     20884.94     20951.04     24462.34     26256.38     26256.38
  IO wait                        20    287988.47    307678.94    314011.34    317842.01    317842.01
  Resume                         20         3.86         3.81         6.20         8.11         8.11
  Scheduling gap                 20         0.00         0.00         0.00         0.00         0.00
  Other                          20     27458.02     27346.52     38062.79     45488.20     45488.20
  kernel launch                  20       604.36       515.94       660.18      2561.33      2561.33
  H2D                            20       101.76        49.22       331.58       374.59       374.59
  D2H                            20       158.94        68.64       466.75       511.30       511.30
  Breakdown total                20    337200.36    356614.11    378001.18    393041.92    393041.92
  CTA window                    179       999.93       999.93       999.93       999.93       999.93
  CTA active                    179       999.93       999.93       999.93       999.93       999.93
  CTA pure IO wait              179         0.00         0.00         0.00         0.00         0.00
  CTA active %                  179       100.00       100.00       100.00       100.00       100.00
=============================================

Recall @ 10: 0.905960
