dataset=deep1b
AE_SCALE=1b
CUDA_VISIBLE_DEVICES=3
SPDK_BASE_LBA=159383552
QUIVER_SPDK_BLOCK_OFFSET=0
ssd_list=/mnt/nvme12/wpq-ae/home/quiver-ae/.cache/ae-staging/run.968335/fusion/ssd_list_deep1b.txt
PCI_1SSD=0000:ad:00.0
BIN_DIR=/mnt/nvme12/wpq-ae/home/quiver-ae/build
cmd: /mnt/nvme12/wpq-ae/home/quiver-ae/build/bin/quiver_search --index-dir /mnt/nvme12/wpq-ae/index/deep1b-R128-QD32/ --query /mnt/nvme12/wpq-ae/dataset/deep1b/query.fbin --ground-truth /mnt/nvme12/wpq-ae/dataset/deep1b/gt.ibin --data-type float --topk 10 --ef-search 70 --repeat 20 --pipe-width 2 --queries-per-block 3 --poll-threads 6 --early-exit-policy none --ssd-list-file /mnt/nvme12/wpq-ae/home/quiver-ae/.cache/ae-staging/run.968335/fusion/ssd_list_deep1b.txt --num-blocks-list 864\,972
[Quiver] runners_per_ssd=1
[Quiver] early-exit policy=none

============================================================
Quiver Sweep: num_blocks=864 pipe_width=2 queries_per_block=3
============================================================

EAL: '-c <coremask>' option is deprecated, and will be removed in a future release
EAL: 	Use '-l <corelist>' or '--lcores=<corelist>' option instead
========== Quiver Result ==========
Query Params:
  topk=10 ef_search=70 repeat=20 data_type=float
Runtime Params:
  num_blocks=864 pipe_width=2 queries_per_block=3 task_slots=2592 io_slots=5184 max_inflight=2592 poll_threads=6 poll_submit_batch_size=256 prefeed=0 spdk_backpressure=0 spdk_nvme_errors=0

Performance:
  QPS: 23741.43
  QueryLatency(ms): avg=108.905 p50=109.422 p90=111.580 p99=113.077 p99.9=122.472 max=176.711
  SSD Avg Bandwidth: 7.65 GB/s
  SSD Avg IOPS: 2,006,168
  SSD Hot Avg Bandwidth: 8.40 GB/s
  SSD Hot Avg IOPS: 2,201,365
===================================
[Quiver] BatchLatency(ms): count=168981 avg=109.043 p90=111.598 p99=112.893 max=176.711
[Quiver] Finish summary: policy=none avg_finish_step=84.50 finished=200000/200000
Recall @ 10: 0.901930

============================================================
Quiver Sweep: num_blocks=972 pipe_width=2 queries_per_block=3
============================================================

========== Quiver Result ==========
Query Params:
  topk=10 ef_search=70 repeat=20 data_type=float
Runtime Params:
  num_blocks=972 pipe_width=2 queries_per_block=3 task_slots=2916 io_slots=5832 max_inflight=2916 poll_threads=6 poll_submit_batch_size=256 prefeed=0 spdk_backpressure=0 spdk_nvme_errors=0

Performance:
  QPS: 23786.63
  QueryLatency(ms): avg=122.267 p50=123.054 p90=125.444 p99=127.304 p99.9=135.932 max=191.707
  SSD Avg Bandwidth: 7.67 GB/s
  SSD Avg IOPS: 2,010,133
  SSD Hot Avg Bandwidth: 8.70 GB/s
  SSD Hot Avg IOPS: 2,280,817
===================================
[Quiver] BatchLatency(ms): count=166430 avg=122.481 p90=125.471 p99=127.048 max=191.707
[Quiver] Finish summary: policy=none avg_finish_step=84.51 finished=200000/200000
Recall @ 10: 0.901930
