dataset=sift1b
AE_SCALE=1b
CUDA_VISIBLE_DEVICES=3
SPDK_BASE_LBA=159383552
QUIVER_SPDK_BLOCK_OFFSET=0
ssd_list=/mnt/nvme12/wpq-ae/home/quiver-ae/.cache/ae-staging/run.968335/fusion/ssd_list_sift1b.txt
PCI_1SSD=0000:ac:00.0
BIN_DIR=/mnt/nvme12/wpq-ae/home/quiver-ae/build
cmd: /mnt/nvme12/wpq-ae/home/quiver-ae/build/bin/quiver_search --index-dir /mnt/nvme12/wpq-ae/index/sift1b-R128-QD32/ --query /mnt/nvme12/wpq-ae/dataset/sift1b/query.u8bin --ground-truth /mnt/nvme12/wpq-ae/dataset/sift1b/gt.ibin --data-type uint8 --topk 10 --ef-search 45 --repeat 20 --pipe-width 2 --queries-per-block 1 --poll-threads 6 --early-exit-policy none --ssd-list-file /mnt/nvme12/wpq-ae/home/quiver-ae/.cache/ae-staging/run.968335/fusion/ssd_list_sift1b.txt --num-blocks-list 108\,216\,324
[Quiver] runners_per_ssd=1
[Quiver] early-exit policy=none

============================================================
Quiver Sweep: num_blocks=108 pipe_width=2 queries_per_block=1
============================================================

EAL: '-c <coremask>' option is deprecated, and will be removed in a future release
EAL: 	Use '-l <corelist>' or '--lcores=<corelist>' option instead
========== Quiver Result ==========
Query Params:
  topk=10 ef_search=45 repeat=20 data_type=uint8
Runtime Params:
  num_blocks=108 pipe_width=2 queries_per_block=1 task_slots=108 io_slots=216 max_inflight=108 poll_threads=6 poll_submit_batch_size=256 prefeed=0 spdk_backpressure=0 spdk_nvme_errors=0

Performance:
  QPS: 32975.68
  QueryLatency(ms): avg=3.265 p50=3.255 p90=3.351 p99=3.448 p99.9=5.720 max=18.334
  SSD Avg Bandwidth: 6.09 GB/s
  SSD Avg IOPS: 1,597,211
  SSD Hot Avg Bandwidth: 6.14 GB/s
  SSD Hot Avg IOPS: 1,610,133
===================================
[Quiver] BatchLatency(ms): count=186071 avg=3.262 p90=3.352 p99=3.446 max=18.334
[Quiver] Finish summary: policy=none avg_finish_step=48.44 finished=200000/200000
Recall @ 10: 0.908410

============================================================
Quiver Sweep: num_blocks=216 pipe_width=2 queries_per_block=1
============================================================

========== Quiver Result ==========
Query Params:
  topk=10 ef_search=45 repeat=20 data_type=uint8
Runtime Params:
  num_blocks=216 pipe_width=2 queries_per_block=1 task_slots=216 io_slots=432 max_inflight=216 poll_threads=6 poll_submit_batch_size=256 prefeed=0 spdk_backpressure=0 spdk_nvme_errors=0

Performance:
  QPS: 42857.17
  QueryLatency(ms): avg=4.892 p50=4.846 p90=4.961 p99=5.085 p99.9=12.539 max=164.690
  SSD Avg Bandwidth: 7.92 GB/s
  SSD Avg IOPS: 2,075,940
  SSD Hot Avg Bandwidth: 8.25 GB/s
  SSD Hot Avg IOPS: 2,163,715
===================================
[Quiver] BatchLatency(ms): count=175888 avg=4.883 p90=4.961 p99=5.073 max=164.690
[Quiver] Finish summary: policy=none avg_finish_step=48.44 finished=200000/200000
Recall @ 10: 0.908470

============================================================
Quiver Sweep: num_blocks=324 pipe_width=2 queries_per_block=1
============================================================

========== Quiver Result ==========
Query Params:
  topk=10 ef_search=45 repeat=20 data_type=uint8
Runtime Params:
  num_blocks=324 pipe_width=2 queries_per_block=1 task_slots=324 io_slots=648 max_inflight=324 poll_threads=6 poll_submit_batch_size=256 prefeed=0 spdk_backpressure=0 spdk_nvme_errors=0

Performance:
  QPS: 43472.78
  QueryLatency(ms): avg=7.192 p50=7.103 p90=7.232 p99=7.375 p99.9=18.229 max=204.418
  SSD Avg Bandwidth: 8.03 GB/s
  SSD Avg IOPS: 2,105,520
  SSD Hot Avg Bandwidth: 8.43 GB/s
  SSD Hot Avg IOPS: 2,209,830
===================================
[Quiver] BatchLatency(ms): count=141728 avg=7.190 p90=7.237 p99=7.360 max=204.418
[Quiver] Finish summary: policy=none avg_finish_step=48.43 finished=200000/200000
Recall @ 10: 0.908340
