dataset=deep1b
AE_SCALE=1b
CUDA_VISIBLE_DEVICES=3
SPDK_BASE_LBA=0
QUIVER_SPDK_BLOCK_OFFSET=0
ssd_list=/mnt/nvme12/wpq-ae/home/quiver-ae/ae/.cache/ssd_list_4.txt
PCI_1SSD=0000:ad:00.0
BIN_DIR=/mnt/nvme12/wpq-ae/home/quiver-ae/build
cmd: /mnt/nvme12/wpq-ae/home/quiver-ae/build/bin/quiver_search --index-dir /mnt/nvme12/wpq-ae/index/deep1b-R128-QD32/ --query /mnt/nvme12/wpq-ae/dataset/deep1b/query.fbin --ground-truth /mnt/nvme12/wpq-ae/dataset/deep1b/gt.ibin --data-type float --topk 10 --ef-search 70 --repeat 20 --pipe-width 2 --queries-per-block 2 --poll-threads 6 --early-exit-policy none --ssd-list-file /mnt/nvme12/wpq-ae/home/quiver-ae/ae/.cache/ssd_list_4.txt --num-blocks-list 216\,324\,432\,540\,648\,756\,864\,972
[Quiver] runners_per_ssd=1
[Quiver] early-exit policy=none

============================================================
Quiver Sweep: num_blocks=216 pipe_width=2 queries_per_block=2
============================================================

EAL: '-c <coremask>' option is deprecated, and will be removed in a future release
EAL: 	Use '-l <corelist>' or '--lcores=<corelist>' option instead
========== Quiver Result ==========
Query Params:
  topk=10 ef_search=70 repeat=20 data_type=float
Runtime Params:
  num_blocks=216 pipe_width=2 queries_per_block=2 task_slots=432 io_slots=864 max_inflight=432 poll_threads=6 poll_submit_batch_size=256 prefeed=0 spdk_backpressure=0 spdk_nvme_errors=0

Performance:
  QPS: 46478.78
  QueryLatency(ms): avg=9.277 p50=9.255 p90=9.423 p99=9.767 p99.9=14.960 max=18.225
  SSD Avg Bandwidth: 14.96 GB/s
  SSD Avg IOPS: 3,922,973
  SSD Hot Avg Bandwidth: 15.08 GB/s
  SSD Hot Avg IOPS: 3,952,448
===================================
[Quiver] BatchLatency(ms): count=169010 avg=9.265 p90=9.422 p99=9.731 max=18.225
[Quiver] Finish summary: policy=none avg_finish_step=84.40 finished=200000/200000
Recall @ 10: 0.901930

============================================================
Quiver Sweep: num_blocks=324 pipe_width=2 queries_per_block=2
============================================================

========== Quiver Result ==========
Query Params:
  topk=10 ef_search=70 repeat=20 data_type=float
Runtime Params:
  num_blocks=324 pipe_width=2 queries_per_block=2 task_slots=648 io_slots=1296 max_inflight=648 poll_threads=6 poll_submit_batch_size=256 prefeed=0 spdk_backpressure=0 spdk_nvme_errors=0

Performance:
  QPS: 50305.90
  QueryLatency(ms): avg=12.853 p50=12.808 p90=13.041 p99=13.719 p99.9=28.545 max=30.883
  SSD Avg Bandwidth: 16.20 GB/s
  SSD Avg IOPS: 4,246,150
  SSD Hot Avg Bandwidth: 16.33 GB/s
  SSD Hot Avg IOPS: 4,282,028
===================================
[Quiver] BatchLatency(ms): count=156323 avg=12.822 p90=13.035 p99=13.536 max=30.883
[Quiver] Finish summary: policy=none avg_finish_step=84.41 finished=200000/200000
Recall @ 10: 0.901730

============================================================
Quiver Sweep: num_blocks=432 pipe_width=2 queries_per_block=2
============================================================

========== Quiver Result ==========
Query Params:
  topk=10 ef_search=70 repeat=20 data_type=float
Runtime Params:
  num_blocks=432 pipe_width=2 queries_per_block=2 task_slots=864 io_slots=1728 max_inflight=864 poll_threads=6 poll_submit_batch_size=256 prefeed=0 spdk_backpressure=0 spdk_nvme_errors=0

Performance:
  QPS: 58329.07
  QueryLatency(ms): avg=14.774 p50=14.557 p90=15.403 p99=19.808 p99.9=35.755 max=36.638
  SSD Avg Bandwidth: 18.77 GB/s
  SSD Avg IOPS: 4,920,579
  SSD Hot Avg Bandwidth: 19.25 GB/s
  SSD Hot Avg IOPS: 5,046,825
===================================
[Quiver] BatchLatency(ms): count=145136 avg=14.736 p90=15.398 p99=16.114 max=36.638
[Quiver] Finish summary: policy=none avg_finish_step=84.36 finished=200000/200000
Recall @ 10: 0.902100

============================================================
Quiver Sweep: num_blocks=540 pipe_width=2 queries_per_block=2
============================================================

========== Quiver Result ==========
Query Params:
  topk=10 ef_search=70 repeat=20 data_type=float
Runtime Params:
  num_blocks=540 pipe_width=2 queries_per_block=2 task_slots=1080 io_slots=2160 max_inflight=1080 poll_threads=6 poll_submit_batch_size=256 prefeed=0 spdk_backpressure=0 spdk_nvme_errors=0

Performance:
  QPS: 59307.65
  QueryLatency(ms): avg=18.157 p50=18.088 p90=18.859 p99=19.986 p99.9=36.436 max=38.558
  SSD Avg Bandwidth: 19.07 GB/s
  SSD Avg IOPS: 4,997,778
  SSD Hot Avg Bandwidth: 19.45 GB/s
  SSD Hot Avg IOPS: 5,099,075
===================================
[Quiver] BatchLatency(ms): count=139399 avg=18.114 p90=18.849 p99=19.751 max=38.558
[Quiver] Finish summary: policy=none avg_finish_step=84.27 finished=200000/200000
Recall @ 10: 0.901730

============================================================
Quiver Sweep: num_blocks=648 pipe_width=2 queries_per_block=2
============================================================

========== Quiver Result ==========
Query Params:
  topk=10 ef_search=70 repeat=20 data_type=float
Runtime Params:
  num_blocks=648 pipe_width=2 queries_per_block=2 task_slots=1296 io_slots=2592 max_inflight=1296 poll_threads=6 poll_submit_batch_size=256 prefeed=0 spdk_backpressure=0 spdk_nvme_errors=0

Performance:
  QPS: 58980.15
  QueryLatency(ms): avg=21.907 p50=21.852 p90=22.615 p99=24.549 p99.9=44.849 max=48.564
  SSD Avg Bandwidth: 18.93 GB/s
  SSD Avg IOPS: 4,961,632
  SSD Hot Avg Bandwidth: 19.23 GB/s
  SSD Hot Avg IOPS: 5,041,681
===================================
[Quiver] BatchLatency(ms): count=141039 avg=21.844 p90=22.596 p99=23.322 max=48.564
[Quiver] Finish summary: policy=none avg_finish_step=84.12 finished=200000/200000
Recall @ 10: 0.901570

============================================================
Quiver Sweep: num_blocks=756 pipe_width=2 queries_per_block=2
============================================================

========== Quiver Result ==========
Query Params:
  topk=10 ef_search=70 repeat=20 data_type=float
Runtime Params:
  num_blocks=756 pipe_width=2 queries_per_block=2 task_slots=1512 io_slots=3024 max_inflight=1512 poll_threads=6 poll_submit_batch_size=256 prefeed=0 spdk_backpressure=0 spdk_nvme_errors=0

Performance:
  QPS: 53507.07
  QueryLatency(ms): avg=28.172 p50=28.120 p90=28.481 p99=29.271 p99.9=43.012 max=48.878
  SSD Avg Bandwidth: 17.14 GB/s
  SSD Avg IOPS: 4,493,624
  SSD Hot Avg Bandwidth: 17.29 GB/s
  SSD Hot Avg IOPS: 4,533,436
===================================
[Quiver] BatchLatency(ms): count=142605 avg=28.107 p90=28.469 p99=28.904 max=48.878
[Quiver] Finish summary: policy=none avg_finish_step=83.98 finished=200000/200000
Recall @ 10: 0.901510

============================================================
Quiver Sweep: num_blocks=864 pipe_width=2 queries_per_block=2
============================================================

========== Quiver Result ==========
Query Params:
  topk=10 ef_search=70 repeat=20 data_type=float
Runtime Params:
  num_blocks=864 pipe_width=2 queries_per_block=2 task_slots=1728 io_slots=3456 max_inflight=1728 poll_threads=6 poll_submit_batch_size=256 prefeed=0 spdk_backpressure=0 spdk_nvme_errors=0

Performance:
  QPS: 56547.83
  QueryLatency(ms): avg=30.456 p50=29.981 p90=31.053 p99=52.213 p99.9=70.604 max=71.966
  SSD Avg Bandwidth: 18.18 GB/s
  SSD Avg IOPS: 4,765,349
  SSD Hot Avg Bandwidth: 18.60 GB/s
  SSD Hot Avg IOPS: 4,876,846
===================================
[Quiver] BatchLatency(ms): count=136654 avg=30.319 p90=31.013 p99=47.729 max=71.966
[Quiver] Finish summary: policy=none avg_finish_step=84.27 finished=200000/200000
Recall @ 10: 0.901850

============================================================
Quiver Sweep: num_blocks=972 pipe_width=2 queries_per_block=2
============================================================

========== Quiver Result ==========
Query Params:
  topk=10 ef_search=70 repeat=20 data_type=float
Runtime Params:
  num_blocks=972 pipe_width=2 queries_per_block=2 task_slots=1944 io_slots=3888 max_inflight=1944 poll_threads=6 poll_submit_batch_size=256 prefeed=0 spdk_backpressure=0 spdk_nvme_errors=0

Performance:
  QPS: 58987.25
  QueryLatency(ms): avg=32.828 p50=32.824 p90=33.492 p99=36.070 p99.9=52.959 max=60.943
  SSD Avg Bandwidth: 18.94 GB/s
  SSD Avg IOPS: 4,966,311
  SSD Hot Avg Bandwidth: 19.27 GB/s
  SSD Hot Avg IOPS: 5,052,374
===================================
[Quiver] BatchLatency(ms): count=130912 avg=32.719 p90=33.471 p99=33.899 max=60.943
[Quiver] Finish summary: policy=none avg_finish_step=84.19 finished=200000/200000
Recall @ 10: 0.901760
