dataset=deep1b
AE_SCALE=1b
CUDA_VISIBLE_DEVICES=3
SPDK_BASE_LBA=0
QUIVER_SPDK_BLOCK_OFFSET=0
ssd_list=/mnt/nvme12/wpq-ae/home/quiver-ae/ae/.cache/ssd_list_4.txt
PCI_1SSD=0000:ad:00.0
BIN_DIR=/mnt/nvme12/wpq-ae/home/quiver-ae/build
cmd: /mnt/nvme12/wpq-ae/home/quiver-ae/build/bin/quiver_search --index-dir /mnt/nvme12/wpq-ae/index/deep1b-R128-QD32/ --query /mnt/nvme12/wpq-ae/dataset/deep1b/query.fbin --ground-truth /mnt/nvme12/wpq-ae/dataset/deep1b/gt.ibin --data-type float --topk 10 --ef-search 145 --repeat 20 --pipe-width 2 --queries-per-block 4 --poll-threads 6 --early-exit-policy none --ssd-list-file /mnt/nvme12/wpq-ae/home/quiver-ae/ae/.cache/ssd_list_4.txt --num-blocks-list 864\,972
[Quiver] runners_per_ssd=1
[Quiver] early-exit policy=none

============================================================
Quiver Sweep: num_blocks=864 pipe_width=2 queries_per_block=4
============================================================

EAL: '-c <coremask>' option is deprecated, and will be removed in a future release
EAL: 	Use '-l <corelist>' or '--lcores=<corelist>' option instead
========== Quiver Result ==========
Query Params:
  topk=10 ef_search=145 repeat=20 data_type=float
Runtime Params:
  num_blocks=864 pipe_width=2 queries_per_block=4 task_slots=3456 io_slots=6912 max_inflight=3456 poll_threads=6 poll_submit_batch_size=256 prefeed=0 spdk_backpressure=0 spdk_nvme_errors=0

Performance:
  QPS: 32061.77
  QueryLatency(ms): avg=106.935 p50=100.351 p90=146.606 p99=192.141 p99.9=195.100 max=195.698
  SSD Avg Bandwidth: 19.36 GB/s
  SSD Avg IOPS: 5,074,767
  SSD Hot Avg Bandwidth: 20.94 GB/s
  SSD Hot Avg IOPS: 5,489,904
===================================
[Quiver] BatchLatency(ms): count=158665 avg=107.044 p90=146.109 p99=192.224 max=195.698
[Quiver] Finish summary: policy=none avg_finish_step=158.28 finished=200000/200000
Recall @ 10: 0.956500

============================================================
Quiver Sweep: num_blocks=972 pipe_width=2 queries_per_block=4
============================================================

========== Quiver Result ==========
Query Params:
  topk=10 ef_search=145 repeat=20 data_type=float
Runtime Params:
  num_blocks=972 pipe_width=2 queries_per_block=4 task_slots=3888 io_slots=7776 max_inflight=3888 poll_threads=6 poll_submit_batch_size=256 prefeed=0 spdk_backpressure=0 spdk_nvme_errors=0

Performance:
  QPS: 24091.09
  QueryLatency(ms): avg=160.322 p50=164.218 p90=172.745 p99=275.440 p99.9=305.840 max=307.316
  SSD Avg Bandwidth: 14.55 GB/s
  SSD Avg IOPS: 3,814,778
  SSD Hot Avg Bandwidth: 20.00 GB/s
  SSD Hot Avg IOPS: 5,243,974
===================================
[Quiver] BatchLatency(ms): count=154051 avg=161.184 p90=172.576 p99=272.086 max=307.316
[Quiver] Finish summary: policy=none avg_finish_step=158.35 finished=200000/200000
Recall @ 10: 0.956830
