dataset=sift1b
AE_SCALE=1b
CUDA_VISIBLE_DEVICES=3
SPDK_BASE_LBA=83886080
QUIVER_SPDK_BLOCK_OFFSET=0
ssd_list=/mnt/nvme12/wpq-ae/home/quiver-ae/ae/.cache/ssd_list_4.txt
PCI_1SSD=0000:ac:00.0
BIN_DIR=/mnt/nvme12/wpq-ae/home/quiver-ae/build
cmd: /mnt/nvme12/wpq-ae/home/quiver-ae/build/bin/quiver_search --index-dir /mnt/nvme12/wpq-ae/index/sift1b-R128-QD32/ --query /mnt/nvme12/wpq-ae/dataset/sift1b/query.u8bin --ground-truth /mnt/nvme12/wpq-ae/dataset/sift1b/gt.ibin --data-type uint8 --topk 10 --ef-search 45 --repeat 20 --pipe-width 2 --queries-per-block 2 --poll-threads 6 --early-exit-policy none --ssd-list-file /mnt/nvme12/wpq-ae/home/quiver-ae/ae/.cache/ssd_list_4.txt --num-blocks-list 216\,324\,432\,540\,648\,756\,864\,972
[Quiver] runners_per_ssd=1
[Quiver] early-exit policy=none

============================================================
Quiver Sweep: num_blocks=216 pipe_width=2 queries_per_block=2
============================================================

EAL: '-c <coremask>' option is deprecated, and will be removed in a future release
EAL: 	Use '-l <corelist>' or '--lcores=<corelist>' option instead
========== Quiver Result ==========
Query Params:
  topk=10 ef_search=45 repeat=20 data_type=uint8
Runtime Params:
  num_blocks=216 pipe_width=2 queries_per_block=2 task_slots=432 io_slots=864 max_inflight=432 poll_threads=6 poll_submit_batch_size=256 prefeed=0 spdk_backpressure=0 spdk_nvme_errors=0

Performance:
  QPS: 76522.37
  QueryLatency(ms): avg=5.629 p50=5.609 p90=5.709 p99=5.954 p99.9=12.717 max=15.617
  SSD Avg Bandwidth: 14.13 GB/s
  SSD Avg IOPS: 3,704,790
  SSD Hot Avg Bandwidth: 14.32 GB/s
  SSD Hot Avg IOPS: 3,755,160
===================================
[Quiver] BatchLatency(ms): count=137801 avg=5.615 p90=5.709 p99=5.887 max=15.617
[Quiver] Finish summary: policy=none avg_finish_step=48.41 finished=200000/200000
Recall @ 10: 0.908360

============================================================
Quiver Sweep: num_blocks=324 pipe_width=2 queries_per_block=2
============================================================

========== Quiver Result ==========
Query Params:
  topk=10 ef_search=45 repeat=20 data_type=uint8
Runtime Params:
  num_blocks=324 pipe_width=2 queries_per_block=2 task_slots=648 io_slots=1296 max_inflight=648 poll_threads=6 poll_submit_batch_size=256 prefeed=0 spdk_backpressure=0 spdk_nvme_errors=0

Performance:
  QPS: 86178.21
  QueryLatency(ms): avg=7.492 p50=7.467 p90=7.563 p99=7.688 p99.9=18.036 max=20.019
  SSD Avg Bandwidth: 15.92 GB/s
  SSD Avg IOPS: 4,172,649
  SSD Hot Avg Bandwidth: 16.06 GB/s
  SSD Hot Avg IOPS: 4,210,591
===================================
[Quiver] BatchLatency(ms): count=122932 avg=7.470 p90=7.565 p99=7.660 max=20.019
[Quiver] Finish summary: policy=none avg_finish_step=48.42 finished=200000/200000
Recall @ 10: 0.908290

============================================================
Quiver Sweep: num_blocks=432 pipe_width=2 queries_per_block=2
============================================================

========== Quiver Result ==========
Query Params:
  topk=10 ef_search=45 repeat=20 data_type=uint8
Runtime Params:
  num_blocks=432 pipe_width=2 queries_per_block=2 task_slots=864 io_slots=1728 max_inflight=864 poll_threads=6 poll_submit_batch_size=256 prefeed=0 spdk_backpressure=0 spdk_nvme_errors=0

Performance:
  QPS: 94799.90
  QueryLatency(ms): avg=9.078 p50=9.042 p90=9.146 p99=9.302 p99.9=21.394 max=22.298
  SSD Avg Bandwidth: 17.51 GB/s
  SSD Avg IOPS: 4,590,134
  SSD Hot Avg Bandwidth: 17.67 GB/s
  SSD Hot Avg IOPS: 4,633,280
===================================
[Quiver] BatchLatency(ms): count=110555 avg=9.048 p90=9.148 p99=9.250 max=22.298
[Quiver] Finish summary: policy=none avg_finish_step=48.42 finished=200000/200000
Recall @ 10: 0.908460

============================================================
Quiver Sweep: num_blocks=540 pipe_width=2 queries_per_block=2
============================================================

========== Quiver Result ==========
Query Params:
  topk=10 ef_search=45 repeat=20 data_type=uint8
Runtime Params:
  num_blocks=540 pipe_width=2 queries_per_block=2 task_slots=1080 io_slots=2160 max_inflight=1080 poll_threads=6 poll_submit_batch_size=256 prefeed=0 spdk_backpressure=0 spdk_nvme_errors=0

Performance:
  QPS: 95581.01
  QueryLatency(ms): avg=11.255 p50=11.214 p90=11.350 p99=12.028 p99.9=22.955 max=23.580
  SSD Avg Bandwidth: 17.66 GB/s
  SSD Avg IOPS: 4,628,701
  SSD Hot Avg Bandwidth: 17.83 GB/s
  SSD Hot Avg IOPS: 4,675,112
===================================
[Quiver] BatchLatency(ms): count=105190 avg=11.224 p90=11.349 p99=11.657 max=23.580
[Quiver] Finish summary: policy=none avg_finish_step=48.43 finished=200000/200000
Recall @ 10: 0.908420

============================================================
Quiver Sweep: num_blocks=648 pipe_width=2 queries_per_block=2
============================================================

========== Quiver Result ==========
Query Params:
  topk=10 ef_search=45 repeat=20 data_type=uint8
Runtime Params:
  num_blocks=648 pipe_width=2 queries_per_block=2 task_slots=1296 io_slots=2592 max_inflight=1296 poll_threads=6 poll_submit_batch_size=256 prefeed=0 spdk_backpressure=0 spdk_nvme_errors=0

Performance:
  QPS: 98247.70
  QueryLatency(ms): avg=13.132 p50=13.047 p90=13.408 p99=14.989 p99.9=28.762 max=29.564
  SSD Avg Bandwidth: 18.15 GB/s
  SSD Avg IOPS: 4,758,405
  SSD Hot Avg Bandwidth: 18.47 GB/s
  SSD Hot Avg IOPS: 4,842,696
===================================
[Quiver] BatchLatency(ms): count=97286 avg=13.090 p90=13.396 p99=13.816 max=29.564
[Quiver] Finish summary: policy=none avg_finish_step=48.43 finished=200000/200000
Recall @ 10: 0.908390

============================================================
Quiver Sweep: num_blocks=756 pipe_width=2 queries_per_block=2
============================================================

========== Quiver Result ==========
Query Params:
  topk=10 ef_search=45 repeat=20 data_type=uint8
Runtime Params:
  num_blocks=756 pipe_width=2 queries_per_block=2 task_slots=1512 io_slots=3024 max_inflight=1512 poll_threads=6 poll_submit_batch_size=256 prefeed=0 spdk_backpressure=0 spdk_nvme_errors=0

Performance:
  QPS: 101562.74
  QueryLatency(ms): avg=14.818 p50=14.753 p90=14.966 p99=16.419 p99.9=24.859 max=27.561
  SSD Avg Bandwidth: 18.77 GB/s
  SSD Avg IOPS: 4,919,531
  SSD Hot Avg Bandwidth: 18.99 GB/s
  SSD Hot Avg IOPS: 4,978,373
===================================
[Quiver] BatchLatency(ms): count=97657 avg=14.786 p90=14.966 p99=15.386 max=27.561
[Quiver] Finish summary: policy=none avg_finish_step=48.44 finished=200000/200000
Recall @ 10: 0.908310

============================================================
Quiver Sweep: num_blocks=864 pipe_width=2 queries_per_block=2
============================================================

========== Quiver Result ==========
Query Params:
  topk=10 ef_search=45 repeat=20 data_type=uint8
Runtime Params:
  num_blocks=864 pipe_width=2 queries_per_block=2 task_slots=1728 io_slots=3456 max_inflight=1728 poll_threads=6 poll_submit_batch_size=256 prefeed=0 spdk_backpressure=0 spdk_nvme_errors=0

Performance:
  QPS: 102937.75
  QueryLatency(ms): avg=16.706 p50=16.641 p90=16.867 p99=18.963 p99.9=36.155 max=37.447
  SSD Avg Bandwidth: 19.02 GB/s
  SSD Avg IOPS: 4,986,967
  SSD Hot Avg Bandwidth: 19.24 GB/s
  SSD Hot Avg IOPS: 5,044,120
===================================
[Quiver] BatchLatency(ms): count=96972 avg=16.641 p90=16.859 p99=17.351 max=37.447
[Quiver] Finish summary: policy=none avg_finish_step=48.45 finished=200000/200000
Recall @ 10: 0.908420

============================================================
Quiver Sweep: num_blocks=972 pipe_width=2 queries_per_block=2
============================================================

========== Quiver Result ==========
Query Params:
  topk=10 ef_search=45 repeat=20 data_type=uint8
Runtime Params:
  num_blocks=972 pipe_width=2 queries_per_block=2 task_slots=1944 io_slots=3888 max_inflight=1944 poll_threads=6 poll_submit_batch_size=256 prefeed=0 spdk_backpressure=0 spdk_nvme_errors=0

Performance:
  QPS: 103051.03
  QueryLatency(ms): avg=18.766 p50=18.157 p90=18.488 p99=44.672 p99.9=47.143 max=47.431
  SSD Avg Bandwidth: 19.04 GB/s
  SSD Avg IOPS: 4,990,875
  SSD Hot Avg Bandwidth: 19.87 GB/s
  SSD Hot Avg IOPS: 5,207,998
===================================
[Quiver] BatchLatency(ms): count=86691 avg=18.652 p90=18.443 p99=41.894 max=47.431
[Quiver] Finish summary: policy=none avg_finish_step=48.43 finished=200000/200000
Recall @ 10: 0.908320
